[  1/180] block=0 K= 8 B dup=0 status=200 server=197ms cust=0.36 unk=None prov=0.6 bank=0.04
[  2/180] block=0 K= 8 B dup=1 status=200 server=79ms cust=0.43 unk=None prov=0.51 bank=0.06
[  3/180] block=0 K=12 A dup=0 status=200 server=103ms cust=0.34 unk=None prov=0.61 bank=0.05
[  4/180] block=0 K=12 A dup=1 status=200 server=97ms cust=0.34 unk=None prov=0.61 bank=0.05
[  5/180] block=0 K=32 B dup=0 status=200 server=179ms cust=0.26 unk=None prov=0.71 bank=0.03
[  6/180] block=0 K=32 B dup=1 status=200 server=77ms cust=0.34 unk=None prov=0.6 bank=0.06
[  7/180] block=0 K= 8 A dup=0 status=200 server=106ms cust=0.4 unk=None prov=0.55 bank=0.04
[  8/180] block=0 K= 8 A dup=1 status=200 server=170ms cust=0.49 unk=None prov=0.46 bank=0.05
[  9/180] block=0 K=24 B dup=0 status=200 server=71ms cust=0.26 unk=None prov=0.68 bank=0.06
[ 10/180] block=0 K=24 B dup=1 status=200 server=103ms cust=0.34 unk=None prov=0.61 bank=0.05
[ 11/180] block=0 K=32 A dup=0 status=200 server=188ms cust=0.3 unk=None prov=0.66 bank=0.04
[ 12/180] block=0 K=32 A dup=1 status=200 server=91ms cust=0.36 unk=None prov=0.59 bank=0.05
[ 13/180] block=0 K= 5 A dup=0 status=200 server=89ms cust=0.47 unk=None prov=0.48 bank=0.05
[ 14/180] block=0 K= 5 A dup=1 status=200 server=116ms cust=0.46 unk=None prov=0.47 bank=0.07
[ 15/180] block=0 K= 4 A dup=0 status=200 server=70ms cust=0.49 unk=None prov=0.47 bank=0.04
[ 16/180] block=0 K= 4 A dup=1 status=200 server=61ms cust=0.54 unk=None prov=0.43 bank=0.03
[ 17/180] block=0 K= 6 A dup=0 status=200 server=158ms cust=0.49 unk=None prov=0.47 bank=0.04
[ 18/180] block=0 K= 6 A dup=1 status=200 server=106ms cust=0.51 unk=None prov=0.41 bank=0.08
[ 19/180] block=0 K=12 B dup=0 status=200 server=149ms cust=0.36 unk=None prov=0.6 bank=0.04
[ 20/180] block=0 K=12 B dup=1 status=200 server=67ms cust=0.41 unk=None prov=0.55 bank=0.04
[ 21/180] block=0 K=24 A dup=0 status=200 server=162ms cust=0.36 unk=None prov=0.61 bank=0.03
[ 22/180] block=0 K=24 A dup=1 status=200 server=76ms cust=0.36 unk=None prov=0.6 bank=0.04
[ 23/180] block=0 K= 6 B dup=0 status=200 server=328ms cust=0.44 unk=None prov=0.5 bank=0.06
[ 24/180] block=0 K= 6 B dup=1 status=200 server=132ms cust=0.43 unk=None prov=0.52 bank=0.05
[ 25/180] block=0 K=16 B dup=0 status=200 server=345ms cust=0.39 unk=None prov=0.56 bank=0.04
[ 26/180] block=0 K=16 B dup=1 status=200 server=488ms cust=0.37 unk=None prov=0.59 bank=0.04
[ 27/180] block=0 K= 5 B dup=0 status=200 server=84ms cust=0.42 unk=None prov=0.53 bank=0.04
[ 28/180] block=0 K= 5 B dup=1 status=200 server=79ms cust=0.47 unk=None prov=0.45999999999999996 bank=0.06
[ 29/180] block=0 K=16 A dup=0 status=200 server=122ms cust=0.36 unk=None prov=0.6 bank=0.04
[ 30/180] block=0 K=16 A dup=1 status=200 server=67ms cust=0.38 unk=None prov=0.58 bank=0.04
[ 31/180] block=1 K=32 A dup=0 status=200 server=82ms cust=0.35000000000000003 unk=None prov=0.61 bank=0.04
[ 32/180] block=1 K=32 A dup=1 status=200 server=107ms cust=0.34 unk=None prov=0.62 bank=0.04
[ 33/180] block=1 K= 6 B dup=0 status=200 server=62ms cust=0.51 unk=None prov=0.45 bank=0.04
[ 34/180] block=1 K= 6 B dup=1 status=200 server=104ms cust=0.5 unk=None prov=0.46 bank=0.04
[ 35/180] block=1 K= 5 B dup=0 status=200 server=197ms cust=0.49 unk=None prov=0.45 bank=0.06
[ 36/180] block=1 K= 5 B dup=1 status=200 server=110ms cust=0.45 unk=None prov=0.51 bank=0.03
[ 37/180] block=1 K= 5 A dup=0 status=200 server=72ms cust=0.49 unk=None prov=0.45 bank=0.06
[ 38/180] block=1 K= 5 A dup=1 status=200 server=101ms cust=0.43 unk=None prov=0.51 bank=0.06
[ 39/180] block=1 K=12 B dup=0 status=200 server=120ms cust=0.37 unk=None prov=0.59 bank=0.04
[ 40/180] block=1 K=12 B dup=1 status=200 server=105ms cust=0.34 unk=None prov=0.62 bank=0.04
[ 41/180] block=1 K=16 A dup=0 status=200 server=148ms cust=0.38 unk=None prov=0.57 bank=0.05
[ 42/180] block=1 K=16 A dup=1 status=200 server=102ms cust=0.4 unk=None prov=0.56 bank=0.03
[ 43/180] block=1 K=24 A dup=0 status=200 server=124ms cust=0.33 unk=None prov=0.63 bank=0.04
[ 44/180] block=1 K=24 A dup=1 status=200 server=118ms cust=0.38 unk=None prov=0.59 bank=0.03
[ 45/180] block=1 K= 8 A dup=0 status=200 server=60ms cust=0.5 unk=None prov=0.46 bank=0.04
[ 46/180] block=1 K= 8 A dup=1 status=200 server=133ms cust=0.42 unk=None prov=0.54 bank=0.04
[ 47/180] block=1 K= 4 A dup=0 status=200 server=45ms cust=0.53 unk=None prov=0.44 bank=0.03
[ 48/180] block=1 K= 4 A dup=1 status=200 server=95ms cust=0.51 unk=None prov=0.44 bank=0.05
[ 49/180] block=1 K= 8 B dup=0 status=200 server=66ms cust=0.37 unk=None prov=0.59 bank=0.04
[ 50/180] block=1 K= 8 B dup=1 status=200 server=89ms cust=0.4 unk=None prov=0.55 bank=0.05
[ 51/180] block=1 K=32 B dup=0 status=200 server=71ms cust=0.31 unk=None prov=0.65 bank=0.04
[ 52/180] block=1 K=32 B dup=1 status=200 server=101ms cust=0.3 unk=None prov=0.65 bank=0.05
[ 53/180] block=1 K=12 A dup=0 status=200 server=77ms cust=0.36 unk=None prov=0.59 bank=0.05
[ 54/180] block=1 K=12 A dup=1 status=200 server=107ms cust=0.38 unk=None prov=0.58 bank=0.04
[ 55/180] block=1 K=24 B dup=0 status=200 server=226ms cust=0.37 unk=None prov=0.59 bank=0.04
[ 56/180] block=1 K=24 B dup=1 status=200 server=103ms cust=0.33 unk=None prov=0.63 bank=0.04
[ 57/180] block=1 K= 6 A dup=0 status=200 server=83ms cust=0.48 unk=None prov=0.46 bank=0.06
[ 58/180] block=1 K= 6 A dup=1 status=200 server=122ms cust=0.59 unk=None prov=0.35 bank=0.06
[ 59/180] block=1 K=16 B dup=0 status=200 server=46ms cust=0.39 unk=None prov=0.56 bank=0.05
[ 60/180] block=1 K=16 B dup=1 status=200 server=68ms cust=0.32 unk=None prov=0.64 bank=0.04
[ 61/180] block=2 K= 5 A dup=0 status=200 server=63ms cust=0.5 unk=None prov=0.45 bank=0.05
[ 62/180] block=2 K= 5 A dup=1 status=200 server=132ms cust=0.52 unk=None prov=0.44 bank=0.04
[ 63/180] block=2 K= 6 A dup=0 status=200 server=129ms cust=0.53 unk=None prov=0.4 bank=0.07
[ 64/180] block=2 K= 6 A dup=1 status=200 server=133ms cust=0.54 unk=None prov=0.4 bank=0.06
[ 65/180] block=2 K=16 B dup=0 status=200 server=66ms cust=0.34 unk=None prov=0.62 bank=0.04
[ 66/180] block=2 K=16 B dup=1 status=200 server=89ms cust=0.32 unk=None prov=0.65 bank=0.03
[ 67/180] block=2 K= 8 A dup=0 status=200 server=72ms cust=0.47 unk=None prov=0.49 bank=0.04
[ 68/180] block=2 K= 8 A dup=1 status=200 server=85ms cust=0.42 unk=None prov=0.55 bank=0.03
[ 69/180] block=2 K=16 A dup=0 status=200 server=175ms cust=0.42 unk=None prov=0.55 bank=0.03
[ 70/180] block=2 K=16 A dup=1 status=200 server=74ms cust=0.39 unk=None prov=0.57 bank=0.04
[ 71/180] block=2 K=32 B dup=0 status=200 server=102ms cust=0.31 unk=None prov=0.64 bank=0.05
[ 72/180] block=2 K=32 B dup=1 status=200 server=69ms cust=0.3 unk=None prov=0.66 bank=0.04
[ 73/180] block=2 K= 8 B dup=0 status=200 server=107ms cust=0.38 unk=None prov=0.59 bank=0.03
[ 74/180] block=2 K= 8 B dup=1 status=200 server=152ms cust=0.41 unk=None prov=0.56 bank=0.03
[ 75/180] block=2 K= 5 B dup=0 status=200 server=100ms cust=0.45 unk=None prov=0.48 bank=0.06
[ 76/180] block=2 K= 5 B dup=1 status=200 server=117ms cust=0.47 unk=None prov=0.48 bank=0.05
[ 77/180] block=2 K=12 B dup=0 status=200 server=132ms cust=0.41 unk=None prov=0.56 bank=0.03
[ 78/180] block=2 K=12 B dup=1 status=200 server=88ms cust=0.38 unk=None prov=0.56 bank=0.05
[ 79/180] block=2 K=24 A dup=0 status=200 server=90ms cust=0.34 unk=None prov=0.62 bank=0.04
[ 80/180] block=2 K=24 A dup=1 status=200 server=83ms cust=0.32 unk=None prov=0.63 bank=0.05
[ 81/180] block=2 K=32 A dup=0 status=200 server=88ms cust=0.3 unk=None prov=0.62 bank=0.08
[ 82/180] block=2 K=32 A dup=1 status=200 server=114ms cust=0.38 unk=None prov=0.57 bank=0.05
[ 83/180] block=2 K=12 A dup=0 status=200 server=128ms cust=0.35 unk=None prov=0.59 bank=0.06
[ 84/180] block=2 K=12 A dup=1 status=200 server=99ms cust=0.41 unk=None prov=0.54 bank=0.05
[ 85/180] block=2 K= 4 A dup=0 status=200 server=118ms cust=0.57 unk=None prov=0.39 bank=0.04
[ 86/180] block=2 K= 4 A dup=1 status=200 server=75ms cust=0.56 unk=None prov=0.42 bank=0.02
[ 87/180] block=2 K=24 B dup=0 status=200 server=136ms cust=0.34 unk=None prov=0.63 bank=0.03
[ 88/180] block=2 K=24 B dup=1 status=200 server=63ms cust=0.3 unk=None prov=0.64 bank=0.06
[ 89/180] block=2 K= 6 B dup=0 status=200 server=74ms cust=0.47 unk=None prov=0.46 bank=0.07
[ 90/180] block=2 K= 6 B dup=1 status=200 server=119ms cust=0.42 unk=None prov=0.52 bank=0.06
[ 91/180] block=3 K=32 A dup=0 status=200 server=93ms cust=0.31 unk=None prov=0.64 bank=0.05
[ 92/180] block=3 K=32 A dup=1 status=200 server=78ms cust=0.35000000000000003 unk=None prov=0.61 bank=0.04
[ 93/180] block=3 K= 5 A dup=0 status=200 server=120ms cust=0.52 unk=None prov=0.43 bank=0.05
[ 94/180] block=3 K= 5 A dup=1 status=200 server=141ms cust=0.42 unk=None prov=0.52 bank=0.06
[ 95/180] block=3 K= 8 A dup=0 status=200 server=149ms cust=0.5 unk=None prov=0.45 bank=0.05
[ 96/180] block=3 K= 8 A dup=1 status=200 server=271ms cust=0.43 unk=None prov=0.52 bank=0.05
[ 97/180] block=3 K=24 A dup=0 status=200 server=68ms cust=0.36 unk=None prov=0.62 bank=0.02
[ 98/180] block=3 K=24 A dup=1 status=200 server=90ms cust=0.36 unk=None prov=0.59 bank=0.05
[ 99/180] block=3 K=16 B dup=0 status=200 server=104ms cust=0.38 unk=None prov=0.59 bank=0.03
[100/180] block=3 K=16 B dup=1 status=200 server=74ms cust=0.38 unk=None prov=0.58 bank=0.04
[101/180] block=3 K= 6 B dup=0 status=200 server=113ms cust=0.48 unk=None prov=0.47 bank=0.05
[102/180] block=3 K= 6 B dup=1 status=200 server=71ms cust=0.46 unk=None prov=0.48 bank=0.06
[103/180] block=3 K= 5 B dup=0 status=200 server=414ms cust=0.45 unk=None prov=0.51 bank=0.04
[104/180] block=3 K= 5 B dup=1 status=200 server=61ms cust=0.44 unk=None prov=0.49 bank=0.06
[105/180] block=3 K=16 A dup=0 status=200 server=82ms cust=0.37 unk=None prov=0.59 bank=0.04
[106/180] block=3 K=16 A dup=1 status=200 server=66ms cust=0.4 unk=None prov=0.56 bank=0.04
[107/180] block=3 K=24 B dup=0 status=200 server=93ms cust=0.32 unk=None prov=0.65 bank=0.03
[108/180] block=3 K=24 B dup=1 status=200 server=120ms cust=0.33 unk=None prov=0.63 bank=0.04
[109/180] block=3 K=12 B dup=0 status=200 server=55ms cust=0.35 unk=None prov=0.61 bank=0.04
[110/180] block=3 K=12 B dup=1 status=200 server=101ms cust=0.34 unk=None prov=0.61 bank=0.05
[111/180] block=3 K=32 B dup=0 status=200 server=93ms cust=0.34 unk=None prov=0.61 bank=0.05
[112/180] block=3 K=32 B dup=1 status=200 server=73ms cust=0.28 unk=None prov=0.67 bank=0.04
[113/180] block=3 K= 4 A dup=0 status=200 server=93ms cust=0.47 unk=None prov=0.52 bank=0.01
[114/180] block=3 K= 4 A dup=1 status=200 server=142ms cust=0.55 unk=None prov=0.43 bank=0.02
[115/180] block=3 K= 6 A dup=0 status=200 server=175ms cust=0.54 unk=None prov=0.4 bank=0.06
[116/180] block=3 K= 6 A dup=1 status=200 server=69ms cust=0.41 unk=None prov=0.5 bank=0.09
[117/180] block=3 K=12 A dup=0 status=200 server=89ms cust=0.41 unk=None prov=0.54 bank=0.05
[118/180] block=3 K=12 A dup=1 status=200 server=122ms cust=0.32 unk=None prov=0.63 bank=0.05
[119/180] block=3 K= 8 B dup=0 status=200 server=131ms cust=0.45 unk=None prov=0.51 bank=0.04
[120/180] block=3 K= 8 B dup=1 status=200 server=151ms cust=0.4 unk=None prov=0.56 bank=0.04
[121/180] block=4 K= 5 B dup=0 status=200 server=76ms cust=0.45 unk=None prov=0.47 bank=0.07
[122/180] block=4 K= 5 B dup=1 status=200 server=76ms cust=0.41 unk=None prov=0.54 bank=0.04
[123/180] block=4 K= 8 A dup=0 status=200 server=77ms cust=0.49 unk=None prov=0.47 bank=0.04
[124/180] block=4 K= 8 A dup=1 status=200 server=88ms cust=0.46 unk=None prov=0.49 bank=0.05
[125/180] block=4 K=16 B dup=0 status=200 server=124ms cust=0.37 unk=None prov=0.59 bank=0.04
[126/180] block=4 K=16 B dup=1 status=200 server=111ms cust=0.35 unk=None prov=0.6 bank=0.05
[127/180] block=4 K= 8 B dup=0 status=200 server=94ms cust=0.41 unk=None prov=0.55 bank=0.04
[128/180] block=4 K= 8 B dup=1 status=200 server=49ms cust=0.4 unk=None prov=0.55 bank=0.04
[129/180] block=4 K= 6 A dup=0 status=200 server=79ms cust=0.5 unk=None prov=0.45 bank=0.05
[130/180] block=4 K= 6 A dup=1 status=200 server=141ms cust=0.46 unk=None prov=0.47000000000000003 bank=0.07
[131/180] block=4 K=12 A dup=0 status=200 server=98ms cust=0.39 unk=None prov=0.58 bank=0.03
[132/180] block=4 K=12 A dup=1 status=200 server=100ms cust=0.35 unk=None prov=0.61 bank=0.04
[133/180] block=4 K=16 A dup=0 status=200 server=107ms cust=0.37 unk=None prov=0.59 bank=0.04
[134/180] block=4 K=16 A dup=1 status=200 server=97ms cust=0.41 unk=None prov=0.56 bank=0.03
[135/180] block=4 K=32 A dup=0 status=200 server=299ms cust=0.38 unk=None prov=0.58 bank=0.04
[136/180] block=4 K=32 A dup=1 status=200 server=110ms cust=0.39 unk=None prov=0.55 bank=0.05
[137/180] block=4 K=24 A dup=0 status=200 server=61ms cust=0.34 unk=None prov=0.62 bank=0.04
[138/180] block=4 K=24 A dup=1 status=200 server=62ms cust=0.33 unk=None prov=0.62 bank=0.05
[139/180] block=4 K=12 B dup=0 status=200 server=70ms cust=0.37 unk=None prov=0.58 bank=0.05
[140/180] block=4 K=12 B dup=1 status=200 server=141ms cust=0.41 unk=None prov=0.55 bank=0.04
[141/180] block=4 K=24 B dup=0 status=200 server=90ms cust=0.38 unk=None prov=0.58 bank=0.04
[142/180] block=4 K=24 B dup=1 status=200 server=180ms cust=0.33 unk=None prov=0.64 bank=0.03
[143/180] block=4 K= 6 B dup=0 status=200 server=139ms cust=0.51 unk=None prov=0.47 bank=0.02
[144/180] block=4 K= 6 B dup=1 status=200 server=148ms cust=0.43 unk=None prov=0.53 bank=0.04
[145/180] block=4 K=32 B dup=0 status=200 server=88ms cust=0.33 unk=None prov=0.62 bank=0.05
[146/180] block=4 K=32 B dup=1 status=200 server=107ms cust=0.33 unk=None prov=0.61 bank=0.06
[147/180] block=4 K= 5 A dup=0 status=200 server=139ms cust=0.48 unk=None prov=0.46 bank=0.06
[148/180] block=4 K= 5 A dup=1 status=200 server=125ms cust=0.44 unk=None prov=0.5 bank=0.06
[149/180] block=4 K= 4 A dup=0 status=200 server=97ms cust=0.54 unk=None prov=0.43 bank=0.03
[150/180] block=4 K= 4 A dup=1 status=200 server=89ms cust=0.56 unk=None prov=0.42 bank=0.02
[151/180] block=5 K= 6 A dup=0 status=200 server=109ms cust=0.5 unk=None prov=0.43 bank=0.07
[152/180] block=5 K= 6 A dup=1 status=200 server=96ms cust=0.49 unk=None prov=0.44 bank=0.07
[153/180] block=5 K=16 A dup=0 status=200 server=104ms cust=0.35 unk=None prov=0.61 bank=0.04
[154/180] block=5 K=16 A dup=1 status=200 server=110ms cust=0.4 unk=None prov=0.55 bank=0.05
[155/180] block=5 K= 8 A dup=0 status=200 server=99ms cust=0.53 unk=None prov=0.42 bank=0.05
[156/180] block=5 K= 8 A dup=1 status=200 server=96ms cust=0.45 unk=None prov=0.48 bank=0.07
[157/180] block=5 K=16 B dup=0 status=200 server=121ms cust=0.33 unk=None prov=0.64 bank=0.03
[158/180] block=5 K=16 B dup=1 status=200 server=93ms cust=0.34 unk=None prov=0.61 bank=0.05
[159/180] block=5 K=12 B dup=0 status=200 server=156ms cust=0.43 unk=None prov=0.54 bank=0.03
[160/180] block=5 K=12 B dup=1 status=200 server=53ms cust=0.4 unk=None prov=0.55 bank=0.05
[161/180] block=5 K=32 A dup=0 status=200 server=51ms cust=0.34 unk=None prov=0.62 bank=0.04
[162/180] block=5 K=32 A dup=1 status=200 server=141ms cust=0.35 unk=None prov=0.6 bank=0.05
[163/180] block=5 K=24 B dup=0 status=200 server=108ms cust=0.37 unk=None prov=0.6 bank=0.03
[164/180] block=5 K=24 B dup=1 status=200 server=75ms cust=0.32 unk=None prov=0.64 bank=0.04
[165/180] block=5 K=32 B dup=0 status=200 server=111ms cust=0.26 unk=None prov=0.69 bank=0.05
[166/180] block=5 K=32 B dup=1 status=200 server=80ms cust=0.3 unk=None prov=0.67 bank=0.03
[167/180] block=5 K= 8 B dup=0 status=200 server=144ms cust=0.36 unk=None prov=0.6 bank=0.04
[168/180] block=5 K= 8 B dup=1 status=200 server=63ms cust=0.39 unk=None prov=0.58 bank=0.03
[169/180] block=5 K= 5 B dup=0 status=200 server=103ms cust=0.4 unk=None prov=0.56 bank=0.04
[170/180] block=5 K= 5 B dup=1 status=200 server=313ms cust=0.4 unk=None prov=0.54 bank=0.06
[171/180] block=5 K=24 A dup=0 status=200 server=57ms cust=0.39 unk=None prov=0.55 bank=0.05
[172/180] block=5 K=24 A dup=1 status=200 server=131ms cust=0.38 unk=None prov=0.58 bank=0.04
[173/180] block=5 K= 5 A dup=0 status=200 server=141ms cust=0.45 unk=None prov=0.48 bank=0.07
[174/180] block=5 K= 5 A dup=1 status=200 server=83ms cust=0.51 unk=None prov=0.44 bank=0.05
[175/180] block=5 K=12 A dup=0 status=200 server=102ms cust=0.34 unk=None prov=0.62 bank=0.04
[176/180] block=5 K=12 A dup=1 status=200 server=65ms cust=0.36 unk=None prov=0.59 bank=0.05
[177/180] block=5 K= 6 B dup=0 status=200 server=85ms cust=0.55 unk=None prov=0.41 bank=0.04
[178/180] block=5 K= 6 B dup=1 status=200 server=136ms cust=0.51 unk=None prov=0.46 bank=0.03
[179/180] block=5 K= 4 A dup=0 status=200 server=58ms cust=0.54 unk=None prov=0.43 bank=0.03
[180/180] block=5 K= 4 A dup=1 status=200 server=148ms cust=0.44 unk=None prov=0.52 bank=0.04
saved /Users/xiaoanliu/Github/typesafe/results/k_sweep_concrete_trials.json

Mean log-odds among original options, by K and content (pooled over blocks and dups)
K  cont bank/prov  bank/cust  bank/hack  prov/cust  prov/hack  cust/hack   irrelevant-mass
 4 A    -2.77      -2.94      +1.71      -0.17      +4.49      +4.65       0.000
 5 A    -2.12      -2.13      +2.42      -0.01      +4.54      +4.55       0.000
 5 B    -2.32      -2.19      +2.29      +0.13      +4.61      +4.48       0.006
 6 A    -1.91      -2.06      +2.55      -0.15      +4.45      +4.61       0.000
 6 B    -2.37      -2.37      +2.18      +0.00      +4.56      +4.55       0.000
 8 A    -2.39      -2.33      +2.20      +0.06      +4.58      +4.53       0.000
 8 B    -2.66      -2.31      +2.06      +0.35      +4.72      +4.37       0.000
12 A    -2.55      -2.06      +2.22      +0.49      +4.77      +4.28       0.000
12 B    -2.64      -2.22      +2.11      +0.42      +4.75      +4.33       0.000
16 A    -2.70      -2.30      +2.04      +0.40      +4.74      +4.34       0.000
16 B    -2.73      -2.20      +2.06      +0.53      +4.79      +4.26       0.000
24 A    -2.75      -2.21      +2.05      +0.54      +4.80      +4.26       0.000
24 B    -2.76      -2.12      +2.07      +0.64      +4.83      +4.19       0.000
32 A    -2.57      -2.00      +2.23      +0.56      +4.80      +4.23       0.000
32 B    -2.67      -1.91      +2.19      +0.76      +4.86      +4.11       0.000

Ratio to K=4 (temperature-only predicts one common ratio per row):
 5 A     0.77  0.73  1.41  0.06  1.01  0.98
 5 B     0.84  0.75  1.34 -0.77  1.03  0.96
 6 A     0.69  0.70  1.49  0.93  0.99  0.99
 6 B     0.86  0.81  1.27 -0.03  1.02  0.98
 8 A     0.86  0.79  1.28 -0.34  1.02  0.97
 8 B     0.96  0.79  1.20 -2.11  1.05  0.94
12 A     0.92  0.70  1.30 -2.95  1.06  0.92
12 B     0.95  0.76  1.23 -2.51  1.06  0.93
16 A     0.97  0.78  1.19 -2.40  1.06  0.93
16 B     0.98  0.75  1.20 -3.17  1.07  0.92
24 A     0.99  0.75  1.20 -3.23  1.07  0.92
24 B     1.00  0.72  1.21 -3.84  1.08  0.90
32 A     0.93  0.68  1.30 -3.39  1.07  0.91
32 B     0.96  0.65  1.28 -4.56  1.08  0.88
